cudaDeviceGetSharedMemConfig: cudaSuccess -- 1
cudaDeviceSetSharedMemConfig eight, then get: cudaSuccess -- get 1
cudaDeviceSetSharedMemConfig 7: cudaErrorInvalidValue
cudaDeviceGetSharedMemConfig null: cudaErrorInvalidValue
cudaFuncSetSharedMemConfig: cudaSuccess
cudaFuncSetSharedMemConfig 7: cudaErrorInvalidValue
cudaFuncSetSharedMemConfig null: cudaErrorInvalidDeviceFunction
cudaFuncSetSharedMemConfig stack address: cudaErrorInvalidResourceHandle
cudaSetValidDevices {1,0}: cudaSuccess
cudaSetValidDevices len 0: cudaSuccess
cudaSetValidDevices null: cudaErrorInvalidValue
cudaSetValidDevices with a device that does not exist: cudaErrorInvalidValue
cudaSetValidDevices len -1: cudaErrorInvalidValue
cudaDeviceGetTexture1DLinearMaxWidth float: cudaSuccess -- w=1073741824
cudaDeviceGetTexture1DLinearMaxWidth uchar4: cudaSuccess -- w=1073741824
cudaDeviceGetTexture1DLinearMaxWidth float4: cudaSuccess -- w=268435456
cudaDeviceGetTexture1DLinearMaxWidth uchar: cudaSuccess -- w=1073741824
cudaDeviceGetTexture1DLinearMaxWidth 3 channels: cudaErrorInvalidChannelDescriptor
cudaDeviceGetTexture1DLinearMaxWidth 2 x 8 bits: cudaSuccess -- w=1073741824
cudaDeviceGetTexture1DLinearMaxWidth no channels: cudaErrorInvalidChannelDescriptor
cudaDeviceGetTexture1DLinearMaxWidth null width: cudaErrorInvalidValue
cudaDeviceGetTexture1DLinearMaxWidth null format: cudaErrorInvalidValue
cudaDeviceGetTexture1DLinearMaxWidth device 9: cudaErrorInvalidDevice
cudaOccupancyAvailableDynamicSMemPerBlock blocks 1 size 128: cudaSuccess -- 48896
cudaOccupancyAvailableDynamicSMemPerBlock blocks 2 size 128: cudaSuccess -- 48896
cudaOccupancyAvailableDynamicSMemPerBlock blocks 4 size 256: cudaSuccess -- 24320
cudaOccupancyAvailableDynamicSMemPerBlock blocks 8 size 128: cudaSuccess -- 11520
cudaOccupancyAvailableDynamicSMemPerBlock blocks 12 size 128: cudaSuccess -- 7168
cudaOccupancyAvailableDynamicSMemPerBlock blocks 6 size 256: cudaSuccess -- 15744
cudaOccupancyAvailableDynamicSMemPerBlock blocks 100 size 128: cudaErrorInvalidValue -- 77
cudaOccupancyAvailableDynamicSMemPerBlock blocks 0 size 128: cudaErrorInvalidValue -- 77
cudaOccupancyAvailableDynamicSMemPerBlock blocks 1 size 0: cudaErrorInvalidValue -- 77
cudaOccupancyAvailableDynamicSMemPerBlock blocks 1 size 2048: cudaErrorInvalidValue -- 77
cudaOccupancyAvailableDynamicSMemPerBlock blocks 1 size 1024: cudaSuccess -- 48896
cudaOccupancyAvailableDynamicSMemPerBlock blocks 3 size 512: cudaSuccess -- 32768
cudaOccupancyAvailableDynamicSMemPerBlock blocks 16 size 64: cudaSuccess -- 5120
cudaOccupancyAvailableDynamicSMemPerBlock blocks 32 size 32: cudaErrorInvalidValue -- 77
cudaOccupancyAvailableDynamicSMemPerBlock blocks -1 size 128: cudaErrorInvalidValue -- 77
cudaOccupancyAvailableDynamicSMemPerBlock blocks 1 size -5: cudaErrorInvalidValue -- 77
cudaOccupancyAvailableDynamicSMemPerBlock blocks 2 size 1024: cudaErrorInvalidValue -- 77
cudaOccupancyAvailableDynamicSMemPerBlock blocks 3 size 1024: cudaErrorInvalidValue -- 77
cudaOccupancyAvailableDynamicSMemPerBlock null: cudaErrorInvalidValue
cudaOccupancyAvailableDynamicSMemPerBlock null function: cudaErrorInvalidDeviceFunction
cudaFuncGetAttributes, no static shared memory: cudaSuccess -- static 0, const 432, maxThreads 1024, ptx 86, binary 86, cacheCA 0, maxDynamic 49152, carveout -1, clusterMustBeSet 0, cluster 0 0 0, policy 0, nonPortable 0
cudaFuncGetAttributes, 256 bytes static: cudaSuccess -- static 256, const 432, maxThreads 1024, ptx 86, binary 86, cacheCA 0, maxDynamic 48896, carveout -1, clusterMustBeSet 0, cluster 0 0 0, policy 0, nonPortable 0
cudaFuncGetAttributes, 40000 bytes static: cudaSuccess -- static 40000, const 432, maxThreads 1024, ptx 86, binary 86, cacheCA 0, maxDynamic 9152, carveout -1, clusterMustBeSet 0, cluster 0 0 0, policy 0, nonPortable 0
cudaFuncGetAttributes, 48 KiB static: cudaSuccess -- static 49152, const 432, maxThreads 1024, ptx 86, binary 86, cacheCA 0, maxDynamic 0, carveout -1, clusterMustBeSet 0, cluster 0 0 0, policy 0, nonPortable 0
cudaFuncGetAttributes, __launch_bounds__(128): cudaSuccess -- static 0, const 432, maxThreads 128, ptx 86, binary 86, cacheCA 0, maxDynamic 49152, carveout -1, clusterMustBeSet 0, cluster 0 0 0, policy 0, nonPortable 0
cudaFuncGetAttributes, __launch_bounds__(512, 2): cudaSuccess -- static 0, const 432, maxThreads 512, ptx 86, binary 86, cacheCA 0, maxDynamic 49152, carveout -1, clusterMustBeSet 0, cluster 0 0 0, policy 0, nonPortable 0
cudaFuncGetAttributes, __launch_bounds__(96): cudaSuccess -- static 0, const 432, maxThreads 96, ptx 86, binary 86, cacheCA 0, maxDynamic 49152, carveout -1, clusterMustBeSet 0, cluster 0 0 0, policy 0, nonPortable 0
cudaFuncGetAttributes, registers limit the block: cudaSuccess -- static 0, const 432, maxThreads 256, ptx 86, binary 86, cacheCA 0, maxDynamic 49152, carveout -1, clusterMustBeSet 0, cluster 0 0 0, policy 0, nonPortable 0
cudaFuncGetAttributes, module constants: cudaSuccess -- static 0, const 432, maxThreads 1024, ptx 86, binary 86, cacheCA 0, maxDynamic 49152, carveout -1, clusterMustBeSet 0, cluster 0 0 0, policy 0, nonPortable 0
cudaFuncGetAttributes null attributes: cudaErrorInvalidValue
cudaFuncGetAttributes null function: cudaErrorInvalidDeviceFunction
cudaFuncGetAttributes stack address: cudaErrorInvalidResourceHandle
cudaFuncGetAttributes null both: cudaErrorInvalidValue
cudaFuncSetAttribute MaxDynamicSharedMemorySize -1, no static: cudaErrorInvalidValue -- now 49152
cudaFuncSetAttribute MaxDynamicSharedMemorySize 0, no static: cudaSuccess -- now 0
cudaFuncSetAttribute MaxDynamicSharedMemorySize 1, no static: cudaSuccess -- now 1
cudaFuncSetAttribute MaxDynamicSharedMemorySize 1024, no static: cudaSuccess -- now 1024
cudaFuncSetAttribute MaxDynamicSharedMemorySize 49152, no static: cudaSuccess -- now 49152
cudaFuncSetAttribute MaxDynamicSharedMemorySize 49153, no static: cudaSuccess -- now 49153
cudaFuncSetAttribute MaxDynamicSharedMemorySize 65536, no static: cudaSuccess -- now 65536
cudaFuncSetAttribute MaxDynamicSharedMemorySize 101376, no static: cudaSuccess -- now 101376
cudaFuncSetAttribute MaxDynamicSharedMemorySize 101377, no static: cudaErrorInvalidValue -- now 49152
cudaFuncSetAttribute MaxDynamicSharedMemorySize 102400, no static: cudaErrorInvalidValue -- now 49152
cudaFuncSetAttribute MaxDynamicSharedMemorySize 101120, 256 static: cudaSuccess -- now 101120
cudaFuncSetAttribute MaxDynamicSharedMemorySize 101121, 256 static: cudaErrorInvalidValue -- now 48896
cudaFuncSetAttribute MaxDynamicSharedMemorySize 48896, 256 static: cudaSuccess -- now 48896
cudaFuncSetAttribute MaxDynamicSharedMemorySize 61376, 40000 static: cudaSuccess -- now 61376
cudaFuncSetAttribute MaxDynamicSharedMemorySize 61377, 40000 static: cudaErrorInvalidValue -- now 9152
cudaFuncSetAttribute MaxDynamicSharedMemorySize 52224, 48 KiB static: cudaSuccess -- now 52224
cudaFuncSetAttribute MaxDynamicSharedMemorySize 52225, 48 KiB static: cudaErrorInvalidValue -- now 0
cudaFuncSetAttribute MaxDynamicSharedMemorySize 100000, 48 KiB static: cudaErrorInvalidValue -- now 0
cudaFuncSetAttribute MaxDynamicSharedMemorySize twice: cudaSuccess -- now 70000; now 3000
cudaFuncSetAttribute attribute 99: cudaErrorInvalidValue
cudaFuncSetAttribute attribute -1: cudaErrorInvalidValue
cudaFuncSetAttribute attribute 16: cudaErrorInvalidValue
cudaFuncSetAttribute attribute 0: cudaErrorInvalidValue
cudaFuncSetAttribute attribute 1: cudaErrorInvalidValue
cudaFuncSetAttribute attribute 7: cudaErrorInvalidValue
cudaFuncSetAttribute ClusterDimMustBeSet: cudaErrorInvalidValue
cudaFuncSetAttribute null function: cudaErrorInvalidDeviceFunction
cudaFuncSetAttribute stack address: cudaErrorInvalidResourceHandle
cudaFuncSetAttribute stack address, carveout: cudaErrorInvalidResourceHandle
cudaFuncSetAttribute stack address, attribute 99: cudaErrorInvalidValue
cudaFuncSetAttribute stack address, size -1: cudaErrorInvalidResourceHandle
cudaFuncSetAttribute PreferredSharedMemoryCarveout -2: cudaErrorInvalidValue -- now -1
cudaFuncSetAttribute PreferredSharedMemoryCarveout -1: cudaSuccess -- now -1
cudaFuncSetAttribute PreferredSharedMemoryCarveout 0: cudaSuccess -- now 0
cudaFuncSetAttribute PreferredSharedMemoryCarveout 1: cudaSuccess -- now 1
cudaFuncSetAttribute PreferredSharedMemoryCarveout 50: cudaSuccess -- now 50
cudaFuncSetAttribute PreferredSharedMemoryCarveout 100: cudaSuccess -- now 100
cudaFuncSetAttribute PreferredSharedMemoryCarveout 101: cudaErrorInvalidValue -- now -1
cudaFuncSetAttribute required cluster dimensions: cudaSuccess -- static 0, const 432, maxThreads 128, ptx 86, binary 86, cacheCA 0, maxDynamic 49152, carveout -1, clusterMustBeSet 0, cluster 3 2 5, policy 0, nonPortable 0
cudaFuncSetAttribute required cluster width -1: cudaErrorInvalidValue
cudaFuncSetAttribute required cluster height -1: cudaErrorInvalidValue
cudaFuncSetAttribute required cluster depth 0: cudaSuccess -- static 0, const 432, maxThreads 128, ptx 86, binary 86, cacheCA 0, maxDynamic 49152, carveout -1, clusterMustBeSet 0, cluster 0 0 0, policy 0, nonPortable 0
cudaFuncSetAttribute ClusterSchedulingPolicyPreference 2: cudaSuccess -- static 0, const 432, maxThreads 128, ptx 86, binary 86, cacheCA 0, maxDynamic 49152, carveout -1, clusterMustBeSet 0, cluster 0 0 0, policy 2, nonPortable 0
cudaFuncSetAttribute ClusterSchedulingPolicyPreference 3: cudaErrorInvalidValue
cudaFuncSetAttribute ClusterSchedulingPolicyPreference -1: cudaErrorInvalidValue
cudaFuncSetAttribute NonPortableClusterSizeAllowed 7: cudaSuccess -- static 0, const 432, maxThreads 128, ptx 86, binary 86, cacheCA 0, maxDynamic 49152, carveout -1, clusterMustBeSet 0, cluster 0 0 0, policy 0, nonPortable 7
cudaFuncSetAttribute NonPortableClusterSizeAllowed -1: cudaSuccess -- static 0, const 432, maxThreads 128, ptx 86, binary 86, cacheCA 0, maxDynamic 49152, carveout -1, clusterMustBeSet 0, cluster 0 0 0, policy 0, nonPortable -1
cudaFuncSetAttribute everything on one kernel, then the other: cudaSuccess -- other kernel 49152; static 0, const 432, maxThreads 1024, ptx 86, binary 86, cacheCA 0, maxDynamic 70000, carveout 40, clusterMustBeSet 0, cluster 0 0 0, policy 0, nonPortable 0
cudaFuncSetAttribute on device 0, read on device 1: cudaSuccess -- device 0 70000, device 1 49152, after setting 3000 on 1: 3000, device 0 again 70000
launch dynamic shared memory, not opted in: cudaSuccess -- 49152 refused 0, 49153 refused 1, 65536 refused 1
launch dynamic shared memory, 40000 bytes static: cudaSuccess -- 9152 refused 0, 9153 refused 1
launch dynamic shared memory, 48 KiB static: cudaSuccess -- 0 refused 0, 1 refused 1
launch dynamic shared memory, opted in to 60000: cudaSuccess -- 49153 refused 0, 60000 refused 0, 60001 refused 1
launch dynamic shared memory, opted in to 100: cudaSuccess -- 100 refused 0, 101 refused 1, 49152 refused 1
launch dynamic shared memory, opted in to the most: cudaSuccess -- 101376 refused 0, 101377 refused 1
launch with more threads than __launch_bounds__: cudaSuccess -- 128 refused 0, 129 refused 1, 64x2 refused 0, 64x3 refused 1
cudaOccupancyMaxActiveBlocksPerMultiprocessor, dynamic shared memory past the limit: cudaSuccess -- blocks at 0, 49152, 49153, 65536, 101376: 12 2 0 0 0
cudaOccupancyMaxActiveBlocksPerMultiprocessor, opted in to 60000: cudaSuccess -- blocks at 0, 49152, 49153, 65536, 101376: 12 2 2 0 0
cudaOccupancyAvailableDynamicSMemPerBlock, opted in to 60000: cudaSuccess -- 1, 2, 4 blocks: 60000 50176 24576
cudaOccupancyAvailableDynamicSMemPerBlock, not opted in: cudaSuccess -- 1, 2, 4 blocks: 49152 49152 24576
cudaOccupancyAvailableDynamicSMemPerBlock, opted in to the most: cudaSuccess -- 1, 2, 4 blocks: 101376 50176 24576
cudaDeviceGetNvSciSyncAttributes: cudaErrorInvalidValue
cudaDeviceGetNvSciSyncAttributes null: cudaErrorInvalidResourceHandle
cudaDeviceGetNvSciSyncAttributes device 9: cudaErrorInvalidDevice
cudaGetExportTable: cudaErrorInvalidValue
cudaGetExportTable null table: cudaErrorInvalidValue
cudaGetExportTable null id: cudaErrorInvalidValue
cudaGetFuncBySymbol: cudaSuccess -- set 1, same again 1, other kernel differs 1
cudaGetFuncBySymbol null result: cudaSuccess
cudaGetFuncBySymbol null symbol: cudaErrorInvalidDeviceFunction -- untouched 1
cudaGetFuncBySymbol a host function: cudaErrorInvalidDeviceFunction -- untouched 1
cudaGetFuncBySymbol a variable: cudaErrorInvalidDeviceFunction
cudaGetFuncBySymbol, then cudaFuncGetAttributes of the kernel: cudaSuccess -- static shared 256
cudaArrayGetMemoryRequirements: cudaErrorInvalidValue
cudaArrayGetMemoryRequirements null result: cudaErrorInvalidValue
cudaArrayGetMemoryRequirements null array: cudaErrorInvalidResourceHandle
cudaArrayGetMemoryRequirements device 5: cudaErrorInvalidValue
cudaMipmappedArrayGetMemoryRequirements: cudaErrorInvalidValue
cudaMipmappedArrayGetMemoryRequirements null: cudaErrorInvalidResourceHandle
cudaArrayGetSparseProperties: cudaErrorInvalidValue
cudaArrayGetSparseProperties null result: cudaErrorInvalidValue
cudaArrayGetSparseProperties null array: cudaErrorInvalidResourceHandle
cudaMipmappedArrayGetSparseProperties: cudaErrorInvalidValue
cudaMipmappedArrayGetSparseProperties null: cudaErrorInvalidResourceHandle
cudaArrayGetPlane: cudaErrorInvalidValue
cudaArrayGetPlane plane 1: cudaErrorInvalidValue
cudaArrayGetPlane null result: cudaErrorInvalidValue
cudaArrayGetPlane null array: cudaErrorInvalidResourceHandle
cudaGraphAddMemcpyNodeToSymbol, then FromSymbol, launched: cudaSuccess -- add cudaSuccess, cudaSuccess; set cudaSuccess, exec set cudaSuccess; first launch 1 1, after 9 6
cudaGraphAddMemcpyNodeToSymbol null symbol: cudaErrorInvalidSymbol
cudaGraphAddMemcpyNodeToSymbol offset 8: cudaErrorInvalidValue
cudaGraphAddMemcpyNodeToSymbol offset 64: cudaErrorInvalidValue
cudaGraphAddMemcpyNodeToSymbol device to host: cudaErrorInvalidMemcpyDirection
cudaGraphAddMemcpyNodeToSymbol default kind: cudaSuccess
cudaGraphAddMemcpyNodeToSymbol null node: cudaErrorInvalidValue
cudaGraphMemcpyNodeSetParamsToSymbol null node: cudaErrorInvalidValue
cudaGraphExecMemcpyNodeSetParamsToSymbol null exec: cudaErrorInvalidValue
cudaMemGetDefaultMemPool [13]: cudaSuccess -- is the device's default 1
cudaMemGetMemPool [13]: cudaSuccess -- is the device's pool 1
cudaMemGetDefaultMemPool invalid location [13]: cudaErrorInvalidValue
cudaMemGetDefaultMemPool device 9 [13]: cudaErrorInvalidValue
cudaMemGetDefaultMemPool invalid type [13]: cudaErrorInvalidValue
cudaMemGetDefaultMemPool managed [13]: cudaErrorNotSupported
cudaMemGetDefaultMemPool null pool [13]: cudaErrorInvalidValue
cudaMemGetDefaultMemPool null location [13]: cudaErrorInvalidValue
cudaMemSetMemPool, then cudaDeviceGetMemPool [13]: cudaSuccess -- the device's pool is now mine 1
cudaMemSetMemPool null pool [13]: cudaErrorInvalidValue
cudaMemSetMemPool null location [13]: cudaErrorInvalidValue
cudaMemSetMemPool device 9 [13]: cudaErrorInvalidValue
cudaGraphNodeSetParams null node [12.8]: cudaErrorInvalidValue
cudaGraphNodeSetParams null parameters [12.8]: cudaErrorInvalidValue
cudaGraphNodeSetParams unknown type [12.8]: cudaErrorInvalidValue
cudaGraphExecNodeSetParams null exec [12.8]: cudaErrorInvalidValue
cudaLogsCurrent [13]: cudaSuccess -- it=0
cudaLogsCurrent null [13]: cudaErrorInvalidValue
cudaLogsDumpToMemory [13]: cudaSuccess -- size 0
cudaLogsDumpToMemory null buffer [13]: cudaErrorInvalidValue
cudaLogsDumpToMemory null size [13]: cudaErrorInvalidValue
cudaLogsDumpToFile [13]: cudaSuccess -- file made 1, 0 bytes
cudaLogsDumpToFile null path [13]: cudaErrorInvalidValue
cudaLogsRegisterCallback, then cudaLogsUnregisterCallback [13]: cudaSuccess -- handle set 1, unregister cudaSuccess
cudaLogsRegisterCallback null callback [13]: cudaErrorInvalidValue
cudaLogsUnregisterCallback null [13]: cudaErrorInvalidValue
cudaDeviceRegisterAsyncNotification, then Unregister [12.8]: cudaSuccess -- handle set 1, unregister cudaSuccess
cudaDeviceRegisterAsyncNotification null callback [12.8]: cudaErrorInvalidValue
cudaDeviceRegisterAsyncNotification device 9 [12.8]: cudaErrorInvalidDevice
cudaDeviceUnregisterAsyncNotification null [12.8]: cudaErrorInvalidValue
cudaDeviceGetHostAtomicCapabilities [13]: cudaSuccess -- 0 0 0
cudaDeviceGetHostAtomicCapabilities bad operation [13]: cudaErrorInvalidValue
cudaDeviceGetHostAtomicCapabilities null [13]: cudaErrorInvalidValue
cudaDeviceGetHostAtomicCapabilities count 0 [13]: cudaErrorInvalidValue
cudaDeviceGetHostAtomicCapabilities device 7 [13]: cudaErrorInvalidDevice
cudaDeviceGetP2PAtomicCapabilities 1->0 [13]: cudaSuccess -- 0 0 0
cudaDeviceGetP2PAtomicCapabilities 0->0 [13]: cudaErrorInvalidDevice
cudaDeviceGetP2PAtomicCapabilities 0->7 [13]: cudaErrorInvalidDevice
cudaDeviceGetP2PAtomicCapabilities null [13]: cudaErrorInvalidValue
cudaLibraryLoadFromFile [12.8]: cudaSuccess -- loaded 1
cudaLibraryLoadFromFile missing [12.8]: cudaErrorFileNotFound
cudaLibraryLoadFromFile null library [12.8]: cudaErrorInvalidValue
cudaLibraryLoadFromFile null path [12.8]: cudaErrorInvalidValue
cudaLibraryGetKernelCount [12.8]: cudaSuccess -- n=3
cudaLibraryGetKernelCount null [12.8]: cudaErrorInvalidValue
cudaLibraryGetKernelCount null library [12.8]: cudaErrorInvalidResourceHandle
cudaLibraryEnumerateKernels [12.8]: cudaSuccess -- 1 1 1
cudaLibraryEnumerateKernels null [12.8]: cudaErrorInvalidValue
cudaLibraryEnumerateKernels null library [12.8]: cudaErrorInvalidResourceHandle
cudaLibraryGetGlobal [12.8]: cudaSuccess -- bytes 32, address set 1
cudaLibraryGetGlobal missing [12.8]: cudaErrorSymbolNotFound
cudaLibraryGetGlobal a managed variable [12.8]: cudaSuccess
cudaLibraryGetGlobal a kernel [12.8]: cudaErrorInvalidValue
cudaLibraryGetGlobal null name [12.8]: cudaErrorInvalidValue
cudaLibraryGetGlobal null library [12.8]: cudaErrorInvalidResourceHandle
cudaLibraryGetManaged [12.8]: cudaSuccess -- bytes 4, address set 1
cudaLibraryGetManaged a plain variable [12.8]: cudaErrorSymbolNotFound
cudaLibraryGetUnifiedFunction [12.8]: cudaErrorInvalidValue
cudaLibraryGetUnifiedFunction null library [12.8]: cudaErrorInvalidResourceHandle
cudaGetKernel [12.8]: cudaSuccess -- set 1
cudaGetKernel null [12.8]: cudaErrorInvalidValue
cudaMemcpyBatchAsync [12.8]: cudaSuccess -- copies right 1
cudaMemcpyBatchAsync count 0 [12.8]: cudaErrorInvalidValue
cudaMemcpyBatchAsync null destinations [12.8]: cudaErrorInvalidValue
cudaMemcpyBatchAsync null attributes [12.8]: cudaErrorInvalidValue
cudaMemcpyBatchAsync attribute count 0 [12.8]: cudaErrorInvalidValue
cudaMemcpyBatchAsync attribute index 1 [12.8]: cudaErrorInvalidValue
cudaMemcpyBatchAsync invalid access order [12.8]: cudaErrorInvalidValue
cudaMemcpyBatchAsync access order 9 [12.8]: cudaErrorInvalidValue
cudaMemcpyBatchAsync flags 0x80 [12.8]: cudaErrorInvalidValue
cudaMemcpyBatchAsync a size of 0 [12.8]: cudaErrorInvalidValue
cudaMemcpyBatchAsync pageable to device, then back [12.8]: cudaSuccess -- back cudaSuccess, round trip right 1
cudaMemPrefetchBatchAsync [13]: cudaErrorInvalidValue
cudaMemPrefetchBatchAsync count 0 [13]: cudaErrorInvalidValue
cudaMemPrefetchBatchAsync flags 1 [13]: cudaErrorInvalidValue
cudaMemDiscardBatchAsync [13]: cudaErrorInvalidValue
cudaMemDiscardBatchAsync null [13]: cudaErrorInvalidValue
cudaMemDiscardAndPrefetchBatchAsync [13]: cudaErrorInvalidValue
PASS: 231 cases
