cuDeviceGetLuid null luid: CUDA_ERROR_INVALID_VALUE
cuDeviceGetLuid bad dev: CUDA_ERROR_INVALID_DEVICE
cuDeviceGetTexture1DLinearMaxWidth float: CUDA_SUCCESS -- w=1073741824
cuDeviceGetTexture1DLinearMaxWidth uint8 x4: CUDA_SUCCESS -- w=1073741824
cuDeviceGetTexture1DLinearMaxWidth float x3: CUDA_ERROR_INVALID_VALUE
cuDeviceGetTexture1DLinearMaxWidth bad format: CUDA_ERROR_INVALID_VALUE
cuDeviceGetTexture1DLinearMaxWidth bad dev: CUDA_ERROR_INVALID_DEVICE
cuDeviceGetTexture1DLinearMaxWidth null: CUDA_ERROR_INVALID_VALUE
cuDeviceGetHostAtomicCapabilities [13]: CUDA_SUCCESS -- 0 0 0
cuDeviceGetHostAtomicCapabilities null [13]: CUDA_ERROR_INVALID_VALUE
cuDeviceGetHostAtomicCapabilities count 0 [13]: CUDA_ERROR_INVALID_VALUE
cuDeviceGetHostAtomicCapabilities bad op [13]: CUDA_ERROR_INVALID_VALUE
cuDeviceGetHostAtomicCapabilities bad dev [13]: CUDA_ERROR_INVALID_DEVICE
cuDeviceGetP2PAtomicCapabilities 0->1 [13]: CUDA_SUCCESS -- 0
cuDeviceGetP2PAtomicCapabilities 0->0 [13]: CUDA_ERROR_INVALID_DEVICE
cuDeviceGetP2PAtomicCapabilities 0->9 [13]: CUDA_ERROR_INVALID_DEVICE
cuDeviceGetNvSciSyncAttributes: CUDA_ERROR_INVALID_VALUE
cuDeviceGetNvSciSyncAttributes null: CUDA_ERROR_INVALID_HANDLE
cuDeviceGetNvSciSyncAttributes bad dev: CUDA_ERROR_INVALID_DEVICE
cuFlushGPUDirectRDMAWrites: CUDA_ERROR_NOT_SUPPORTED
cuFlushGPUDirectRDMAWrites bad target: CUDA_ERROR_INVALID_VALUE
cuFlushGPUDirectRDMAWrites bad scope: CUDA_ERROR_INVALID_VALUE
cuCtxGetDevice_v2 [13]: CUDA_SUCCESS -- d=0
cuCtxGetDevice_v2 null ctx [13]: CUDA_SUCCESS -- d=0
cuCtxGetDevice_v2 null out [13]: CUDA_ERROR_INVALID_VALUE
cuCtxSynchronize_v2 [13]: CUDA_SUCCESS
cuCtxSynchronize_v2 null ctx [13]: CUDA_SUCCESS
cuCtxResetPersistingL2Cache: CUDA_SUCCESS
cuCtxRecordEvent [12.8]: CUDA_SUCCESS
cuCtxRecordEvent null ctx [12.8]: CUDA_ERROR_INVALID_CONTEXT
cuCtxRecordEvent null event [12.8]: CUDA_ERROR_INVALID_HANDLE
cuCtxWaitEvent [12.8]: CUDA_SUCCESS
cuCtxWaitEvent unrecorded [12.8]: CUDA_SUCCESS
cuCtxWaitEvent null event [12.8]: CUDA_ERROR_INVALID_HANDLE
cuModuleGetFunctionCount [12.8]: CUDA_SUCCESS -- n=3
cuModuleGetFunctionCount null [12.8]: CUDA_ERROR_INVALID_VALUE
cuModuleGetFunctionCount null mod [12.8]: CUDA_ERROR_INVALID_VALUE
cuModuleEnumerateFunctions [12.8]: CUDA_SUCCESS -- 1 1 1
cuModuleEnumerateFunctions more than exist [12.8]: CUDA_SUCCESS
cuModuleEnumerateFunctions 0 [12.8]: CUDA_SUCCESS
cuModuleEnumerateFunctions null [12.8]: CUDA_ERROR_INVALID_VALUE
cuModuleEnumerateFunctions null mod [12.8]: CUDA_ERROR_INVALID_VALUE
cuLibraryLoadFromFile: CUDA_SUCCESS -- l=1
cuLibraryLoadFromFile missing: CUDA_ERROR_FILE_NOT_FOUND
cuLibraryLoadFromFile null path: CUDA_ERROR_INVALID_VALUE
cuLibraryLoadFromFile null out: CUDA_ERROR_INVALID_VALUE
cuLibraryLoadFromFile not an image: CUDA_SUCCESS
cuLibraryGetKernelCount [12.8]: CUDA_SUCCESS -- n=3
cuLibraryGetKernelCount null [12.8]: CUDA_ERROR_INVALID_VALUE
cuLibraryGetKernelCount null lib [12.8]: CUDA_ERROR_INVALID_HANDLE
cuLibraryEnumerateKernels [12.8]: CUDA_SUCCESS -- 1 1 1
cuLibraryEnumerateKernels 8 [12.8]: CUDA_SUCCESS
cuLibraryEnumerateKernels 0 [12.8]: CUDA_SUCCESS
cuLibraryEnumerateKernels null [12.8]: CUDA_ERROR_INVALID_VALUE
cuLibraryEnumerateKernels null lib [12.8]: CUDA_ERROR_INVALID_HANDLE
cuKernelGetLibrary [12.8]: CUDA_SUCCESS -- l=1
cuKernelGetLibrary null [12.8]: CUDA_ERROR_INVALID_VALUE
cuKernelGetLibrary null kernel [12.8]: CUDA_ERROR_INVALID_HANDLE
cuLibraryGetGlobal: CUDA_SUCCESS -- n=32 p=1
cuLibraryGetGlobal missing: CUDA_ERROR_NOT_FOUND
cuLibraryGetGlobal null name: CUDA_ERROR_INVALID_VALUE
cuLibraryGetGlobal null lib: CUDA_ERROR_INVALID_HANDLE
cuLibraryGetGlobal null both outs: CUDA_ERROR_INVALID_VALUE
cuLibraryGetGlobal a kernel: CUDA_ERROR_INVALID_VALUE
cuLibraryGetManaged: CUDA_SUCCESS -- n=4 p=1
cuLibraryGetManaged not managed: CUDA_ERROR_NOT_FOUND
cuLibraryGetManaged missing: CUDA_ERROR_NOT_FOUND
cuLibraryGetUnifiedFunction: CUDA_ERROR_INVALID_VALUE
cuLibraryGetUnifiedFunction null lib: CUDA_ERROR_INVALID_HANDLE
cuKernelSetCacheConfig: CUDA_SUCCESS
cuKernelSetCacheConfig bad config: CUDA_ERROR_INVALID_VALUE
cuKernelSetCacheConfig null kernel: CUDA_ERROR_INVALID_HANDLE
cuKernelSetCacheConfig bad dev: CUDA_ERROR_INVALID_DEVICE
cuKernelSetCacheConfig current dev (-1?): CUDA_ERROR_INVALID_DEVICE
cuKernelGetParamInfo [12.8]: CUDA_SUCCESS -- off=0 sz=8
cuKernelGetParamInfo past end [12.8]: CUDA_ERROR_INVALID_VALUE
cuKernelGetParamInfo null off [12.8]: CUDA_ERROR_INVALID_VALUE
cuKernelGetParamInfo null size [12.8]: CUDA_SUCCESS
cuKernelGetParamInfo null kernel [12.8]: CUDA_ERROR_INVALID_VALUE
cuFuncGetModule: CUDA_SUCCESS -- m=1
cuFuncGetModule null: CUDA_ERROR_INVALID_VALUE
cuFuncGetModule null func: CUDA_ERROR_INVALID_VALUE
cuFuncGetName [12.8]: CUDA_SUCCESS -- k1
cuFuncGetName null [12.8]: CUDA_ERROR_INVALID_VALUE
cuFuncGetName null func [12.8]: CUDA_ERROR_INVALID_VALUE
cuFuncGetParamInfo [12.8]: CUDA_SUCCESS -- off=0 sz=8
cuFuncGetParamInfo past end [12.8]: CUDA_ERROR_INVALID_VALUE
cuFuncGetParamInfo null func [12.8]: CUDA_ERROR_INVALID_VALUE
cuOccupancyAvailableDynamicSMemPerBlock: CUDA_SUCCESS -- 24576
cuOccupancyAvailableDynamicSMemPerBlock too many blocks: CUDA_ERROR_INVALID_VALUE
cuOccupancyAvailableDynamicSMemPerBlock 0 blocks: CUDA_ERROR_INVALID_VALUE
cuOccupancyAvailableDynamicSMemPerBlock null: CUDA_ERROR_INVALID_VALUE
cuOccupancyAvailableDynamicSMemPerBlock null func: CUDA_ERROR_INVALID_HANDLE
cuDeviceRegisterAsyncNotification [12.8]: CUDA_SUCCESS -- h=1; unregister CUDA_SUCCESS
cuDeviceRegisterAsyncNotification null cb [12.8]: CUDA_ERROR_INVALID_VALUE
cuDeviceRegisterAsyncNotification bad dev [12.8]: CUDA_ERROR_INVALID_DEVICE
cuDeviceUnregisterAsyncNotification null [12.8]: CUDA_ERROR_INVALID_VALUE
cuMemcpy3DPeer: CUDA_SUCCESS
cuMemcpyBatchAsync_v2 count 0 [13]: CUDA_ERROR_INVALID_VALUE
cuMemcpyBatchAsync_v2 null [13]: CUDA_ERROR_INVALID_VALUE
cuMemcpyBatchAsync_v2 bad order [13]: CUDA_ERROR_INVALID_VALUE
cuMemcpy3DBatchAsync_v2 count 0 [13]: CUDA_ERROR_INVALID_VALUE
cuMemcpy3DBatchAsync_v2 null [13]: CUDA_ERROR_INVALID_VALUE
cuMemcpy3DBatchAsync_v2 flags [13]: CUDA_ERROR_INVALID_VALUE
cuMemcpy3DBatchAsync_v2 zero extent [13]: CUDA_ERROR_INVALID_VALUE
cuMemcpyBatchAsync count 0 [12.8]: CUDA_ERROR_INVALID_VALUE -- fail=-1
cuMemcpyBatchAsync null dsts [12.8]: CUDA_ERROR_INVALID_VALUE -- fail=-1
cuMemcpyBatchAsync null failIdx [12.8]: CUDA_SUCCESS
cuMemcpyBatchAsync legacy stream [12.8]: CUDA_ERROR_INVALID_VALUE -- fail=77
cuMemcpyBatchAsync bad order [12.8]: CUDA_ERROR_INVALID_VALUE -- fail=-1
cuMemcpyBatchAsync size 0 [12.8]: CUDA_ERROR_INVALID_VALUE -- fail=0
cuMemcpyBatchAsync two copies [12.8]: CUDA_SUCCESS -- fail=-1 back=1,16
cuMemcpy3DBatchAsync count 0 [12.8]: CUDA_ERROR_INVALID_VALUE -- fail=-1
cuMemcpy3DBatchAsync null list [12.8]: CUDA_ERROR_INVALID_VALUE -- fail=-1
cuMemcpy3DBatchAsync flags [12.8]: CUDA_ERROR_INVALID_VALUE -- fail=-1
cuMemcpy3DBatchAsync zero extent [12.8]: CUDA_ERROR_INVALID_VALUE -- fail=0
cuMemcpy3DBatchAsync legacy stream [12.8]: CUDA_ERROR_INVALID_VALUE -- fail=77
cuMemcpyBatchAsync second size 0 [12.8]: CUDA_ERROR_INVALID_VALUE -- fail=1
cuMemcpyBatchAsync attribute flags [12.8]: CUDA_ERROR_INVALID_VALUE -- fail=-1
cuMemcpyBatchAsync attribute index past count [12.8]: CUDA_ERROR_INVALID_VALUE -- fail=-1
cuMemcpy3DBatchAsync bad order [12.8]: CUDA_ERROR_INVALID_VALUE -- fail=0
cuMemcpy3DBatchAsync bad operand type [12.8]: CUDA_ERROR_INVALID_VALUE -- fail=0
cuMemcpy3DBatchAsync op flags [12.8]: CUDA_ERROR_INVALID_VALUE -- fail=0
cuMemcpy3DBatchAsync second zero extent [12.8]: CUDA_ERROR_INVALID_VALUE -- fail=1
cuMemcpy3DBatchAsync copies [12.8]: CUDA_SUCCESS -- fail=-1 back=1,16
cuArrayGetMemoryRequirements: CUDA_ERROR_INVALID_VALUE
cuArrayGetMemoryRequirements null: CUDA_ERROR_INVALID_VALUE
cuArrayGetMemoryRequirements null array: CUDA_ERROR_INVALID_HANDLE
cuMipmappedArrayGetMemoryRequirements: CUDA_ERROR_INVALID_VALUE
cuMipmappedArrayGetMemoryRequirements null: CUDA_ERROR_INVALID_HANDLE
cuArrayGetSparseProperties: CUDA_ERROR_INVALID_VALUE
cuArrayGetSparseProperties null array: CUDA_ERROR_INVALID_HANDLE
cuMipmappedArrayGetSparseProperties: CUDA_ERROR_INVALID_VALUE
cuMipmappedArrayGetSparseProperties null: CUDA_ERROR_INVALID_HANDLE
cuArrayGetPlane: CUDA_ERROR_INVALID_VALUE
cuArrayGetPlane null array: CUDA_ERROR_INVALID_HANDLE
cuArrayGetPlane null out: CUDA_ERROR_INVALID_VALUE
cuMemGetHandleForAddressRange: CUDA_ERROR_NOT_SUPPORTED
cuMemGetHandleForAddressRange null: CUDA_ERROR_INVALID_VALUE
cuMemGetHandleForAddressRange bad type: CUDA_ERROR_NOT_SUPPORTED
cuMemBatchDecompressAsync [12.8]: CUDA_ERROR_NOT_SUPPORTED -- ei=77
cuMemBatchDecompressAsync count 0 [12.8]: CUDA_ERROR_NOT_SUPPORTED
cuMemMapArrayAsync: CUDA_ERROR_INVALID_VALUE
cuMemMapArrayAsync count 0: CUDA_ERROR_INVALID_VALUE
cuMemMapArrayAsync null: CUDA_ERROR_INVALID_VALUE
cuMemGetDefaultMemPool [13]: CUDA_SUCCESS -- p=1
cuMemGetDefaultMemPool invalid type [13]: CUDA_ERROR_INVALID_VALUE
cuMemGetDefaultMemPool managed [13]: CUDA_ERROR_NOT_SUPPORTED
cuMemGetDefaultMemPool bad dev [13]: CUDA_ERROR_INVALID_VALUE
cuMemGetDefaultMemPool null [13]: CUDA_ERROR_INVALID_VALUE
cuMemGetDefaultMemPool null loc [13]: CUDA_ERROR_INVALID_VALUE
cuMemGetMemPool [13]: CUDA_SUCCESS -- same as default 1
cuMemSetMemPool [13]: CUDA_SUCCESS -- now mine 1
cuMemSetMemPool null pool [13]: CUDA_ERROR_INVALID_VALUE
cuMemPrefetchBatchAsync [13]: CUDA_ERROR_INVALID_VALUE
cuMemDiscardBatchAsync [13]: CUDA_ERROR_INVALID_VALUE
cuMemDiscardAndPrefetchBatchAsync [13]: CUDA_ERROR_INVALID_VALUE
cuMemRangeGetAttribute readmostly: CUDA_SUCCESS -- v=0
cuMemRangeGetAttribute preferred: CUDA_SUCCESS -- v=-2
cuMemRangeGetAttribute last prefetch: CUDA_SUCCESS -- v=-2
cuMemRangeGetAttribute accessedby: CUDA_SUCCESS -- v=-2 -2
cuMemRangeGetAttribute bad size: CUDA_ERROR_INVALID_VALUE
cuMemRangeGetAttribute not managed: CUDA_ERROR_INVALID_VALUE
cuMemRangeGetAttribute bad attr: CUDA_ERROR_INVALID_VALUE
cuMemRangeGetAttribute null: CUDA_ERROR_INVALID_VALUE
cuMemRangeGetAttributes: CUDA_SUCCESS -- 0 -2
cuMemRangeGetAttributes count 0: CUDA_ERROR_INVALID_VALUE
cuMemRangeGetAttributes null: CUDA_ERROR_INVALID_VALUE
cuStreamGetDevice [12.8]: CUDA_SUCCESS -- d=0 (dev 0)
cuStreamGetDevice null stream [12.8]: CUDA_SUCCESS -- d=0
cuStreamGetDevice null out [12.8]: CUDA_ERROR_INVALID_VALUE
cuStreamGetId: CUDA_SUCCESS -- id>0 1
cuStreamGetId null stream: CUDA_SUCCESS -- id set 1
cuStreamGetId null out: CUDA_ERROR_INVALID_VALUE
cuStreamCopyAttributes: CUDA_SUCCESS
cuStreamCopyAttributes null dst: CUDA_SUCCESS
cuStreamCopyAttributes null src: CUDA_SUCCESS
cuStreamGetAttribute sync policy: CUDA_SUCCESS -- v=-1
cuStreamGetAttribute priority: CUDA_SUCCESS -- v=0
cuStreamGetAttribute access policy window: CUDA_SUCCESS -- num_bytes=0 hit=0.0
cuStreamGetAttribute bad attr: CUDA_ERROR_INVALID_VALUE
cuStreamSetAttribute sync policy: CUDA_SUCCESS -- now 2
cuStreamSetAttribute priority: CUDA_SUCCESS
cuStreamSetAttribute access policy window: CUDA_SUCCESS
cuStreamSetAttribute bad attr: CUDA_ERROR_INVALID_VALUE
cuImportExternalMemory fd: CUDA_ERROR_NOT_SUPPORTED
cuImportExternalMemory null desc: CUDA_ERROR_INVALID_VALUE
cuImportExternalMemory null out: CUDA_ERROR_INVALID_VALUE
cuImportExternalMemory bad type: CUDA_ERROR_INVALID_VALUE
cuImportExternalMemory win32 type: CUDA_ERROR_INVALID_VALUE
cuExternalMemoryGetMappedBuffer null: CUDA_ERROR_INVALID_VALUE
cuExternalMemoryGetMappedMipmappedArray null: CUDA_ERROR_INVALID_VALUE
cuDestroyExternalMemory null: CUDA_ERROR_INVALID_VALUE
cuImportExternalSemaphore fd: CUDA_ERROR_NOT_SUPPORTED
cuImportExternalSemaphore null: CUDA_ERROR_INVALID_VALUE
cuSignalExternalSemaphoresAsync null: CUDA_ERROR_INVALID_VALUE
cuWaitExternalSemaphoresAsync null: CUDA_ERROR_INVALID_VALUE
cuWaitExternalSemaphoresAsync count 0: CUDA_ERROR_INVALID_VALUE
cuDestroyExternalSemaphore null: CUDA_ERROR_INVALID_VALUE
cuGraphExternalSemaphoresSignalNodeGetParams null node: CUDA_ERROR_INVALID_VALUE
cuGraphExternalSemaphoresSignalNodeSetParams null node: CUDA_ERROR_INVALID_VALUE
cuGraphExternalSemaphoresWaitNodeGetParams null node: CUDA_ERROR_INVALID_VALUE
cuGraphExternalSemaphoresWaitNodeSetParams null node: CUDA_ERROR_INVALID_VALUE
cuGraphExecExternalSemaphoresSignalNodeSetParams null: CUDA_ERROR_INVALID_VALUE
cuGraphExecExternalSemaphoresWaitNodeSetParams null: CUDA_ERROR_INVALID_VALUE
cuGraphConditionalHandleCreate bad flags [12.8]: CUDA_ERROR_INVALID_VALUE
cuGraphConditionalHandleCreate null graph [12.8]: CUDA_ERROR_INVALID_VALUE
cuGraphConditionalHandleCreate null out [12.8]: CUDA_ERROR_INVALID_VALUE
cuGraphConditionalHandleCreate null ctx [12.8]: CUDA_ERROR_INVALID_CONTEXT
cuLaunchCooperativeKernelMultiDevice: CUDA_ERROR_INVALID_HANDLE
cuLaunchCooperativeKernelMultiDevice count 0: CUDA_ERROR_INVALID_VALUE
cuLaunchCooperativeKernelMultiDevice null: CUDA_ERROR_INVALID_VALUE
cuCoredumpGetAttribute enable [12.8]: CUDA_ERROR_INVALID_VALUE -- v=-9 sz=4
cuCoredumpGetAttribute trigger host [12.8]: CUDA_ERROR_INVALID_VALUE -- v=-9 sz=4
cuCoredumpGetAttribute lightweight [12.8]: CUDA_ERROR_INVALID_VALUE -- v=-9 sz=4
cuCoredumpGetAttribute pipe [12.8]: CUDA_ERROR_INVALID_VALUE -- '' sz=256
cuCoredumpGetAttribute file [12.8]: CUDA_SUCCESS -- '' sz=512
cuCoredumpGetAttribute bad attr [12.8]: CUDA_ERROR_INVALID_VALUE
cuCoredumpGetAttribute null [12.8]: CUDA_SUCCESS
cuCoredumpSetAttributeGlobal after init [12.8]: CUDA_ERROR_INVALID_VALUE
cuCoredumpSetAttribute file [12.8]: CUDA_SUCCESS
cuCoredumpSetAttribute bad attr [12.8]: CUDA_ERROR_INVALID_VALUE
cuDeviceGetDevResource bad type [12.8]: CUDA_ERROR_INVALID_RESOURCE_TYPE
cuDeviceGetDevResource bad dev [12.8]: CUDA_ERROR_INVALID_DEVICE
cuGreenCtxDestroy null [12.8]: CUDA_ERROR_INVALID_CONTEXT
cuCtxFromGreenCtx null [12.8]: CUDA_ERROR_INVALID_CONTEXT
cuGreenCtxGetDevResource null [12.8]: CUDA_ERROR_INVALID_CONTEXT
cuGreenCtxRecordEvent null [12.8]: CUDA_ERROR_INVALID_CONTEXT
cuGreenCtxWaitEvent null [12.8]: CUDA_ERROR_INVALID_CONTEXT
cuGreenCtxStreamCreate null [12.8]: CUDA_ERROR_INVALID_CONTEXT
cuGreenCtxGetId null [13]: CUDA_ERROR_INVALID_CONTEXT
cuLogsCurrent [13]: CUDA_SUCCESS -- it=0
cuLogsCurrent null [13]: CUDA_ERROR_INVALID_VALUE
cuLogsDumpToMemory [13]: CUDA_SUCCESS -- sz=0
cuLogsDumpToMemory null buf [13]: CUDA_ERROR_INVALID_VALUE
cuLogsDumpToFile [13]: CUDA_SUCCESS
cuLogsDumpToFile null path [13]: CUDA_ERROR_INVALID_VALUE
cuLogsRegisterCallback [13]: CUDA_SUCCESS -- h!=0 1; unregister CUDA_SUCCESS
cuLogsRegisterCallback null cb [13]: CUDA_ERROR_INVALID_VALUE
cuLogsUnregisterCallback null [13]: CUDA_ERROR_INVALID_VALUE
cuCheckpointProcessGetState self [12.8]: CUDA_SUCCESS -- st=0
cuCheckpointProcessGetState null [12.8]: CUDA_ERROR_INVALID_VALUE
cuCheckpointProcessGetState bad pid [12.8]: CUDA_ERROR_OPERATING_SYSTEM
cuCheckpointProcessGetRestoreThreadId [12.8]: CUDA_SUCCESS -- tid set 1
cuCheckpointProcessLock [12.8]: CUDA_ERROR_NOT_SUPPORTED
cuCheckpointProcessCheckpoint [12.8]: CUDA_ERROR_ILLEGAL_STATE
cuCheckpointProcessRestore [12.8]: CUDA_ERROR_ILLEGAL_STATE
cuCheckpointProcessUnlock [12.8]: CUDA_ERROR_ILLEGAL_STATE
cuTensorMapEncodeIm2colWide [12.8]: CUDA_ERROR_NOT_SUPPORTED
cuTensorMapEncodeIm2colWide null [12.8]: CUDA_ERROR_INVALID_VALUE
cuTexObjectGetResourceDesc: CUDA_SUCCESS -- type=2 size=4096
cuTexObjectGetTextureDesc: CUDA_SUCCESS -- filter=1 flags=1
cuTexObjectGetResourceViewDesc: CUDA_SUCCESS -- fmt=0
cuTexObjectGetResourceDesc bad: CUDA_ERROR_INVALID_VALUE
cuTexObjectGetResourceDesc null: CUDA_ERROR_INVALID_VALUE
cuSurfObjectGetResourceDesc: CUDA_SUCCESS -- create CUDA_SUCCESS; type=0
cuSurfObjectGetResourceDesc bad: CUDA_ERROR_INVALID_VALUE
cuTexRefSetMipmappedArray: CUDA_SUCCESS
cuTexRefGetMipmappedArray unset: CUDA_ERROR_INVALID_VALUE -- m=0x77
cuTexRefSetMipmapFilterMode: CUDA_SUCCESS -- get CUDA_SUCCESS 1
cuTexRefSetMipmapFilterMode bad: CUDA_ERROR_INVALID_VALUE
cuTexRefSetMipmapLevelBias: CUDA_SUCCESS -- get CUDA_SUCCESS 1.50
cuTexRefSetMipmapLevelClamp: CUDA_SUCCESS -- get CUDA_SUCCESS 1.00 3.00
cuTexRefSetMaxAnisotropy: CUDA_SUCCESS -- get CUDA_SUCCESS 8
cuTexRefGetMaxAnisotropy default: CUDA_SUCCESS -- 0
cuTexRefSetBorderColor: CUDA_SUCCESS -- get CUDA_SUCCESS 1.00 0.50 0.25 0.00
cuTexRefGetBorderColor default: CUDA_SUCCESS -- 0.00 0.00 0.00 0.00
cuTexRefSetMaxAnisotropy null ref: CUDA_ERROR_INVALID_HANDLE
cuFuncGetAttribute, no static shared memory: CUDA_SUCCESS -- maxThreads 1024, static 0, const 432, ptx 86, binary 86, cacheCA 0, maxDynamic 49152, carveout -1, clusterMustBeSet 0, cluster 0 0 0, nonPortable 0, policy 0
cuFuncGetAttribute, 256 bytes static: CUDA_SUCCESS -- maxThreads 1024, static 256, const 432, ptx 86, binary 86, cacheCA 0, maxDynamic 48896, carveout -1, clusterMustBeSet 0, cluster 0 0 0, nonPortable 0, policy 0
cuFuncGetAttribute, 40000 bytes static: CUDA_SUCCESS -- maxThreads 1024, static 40000, const 432, ptx 86, binary 86, cacheCA 0, maxDynamic 9152, carveout -1, clusterMustBeSet 0, cluster 0 0 0, nonPortable 0, policy 0
cuFuncGetAttribute, 48 KiB static: CUDA_SUCCESS -- maxThreads 1024, static 49152, const 432, ptx 86, binary 86, cacheCA 0, maxDynamic 0, carveout -1, clusterMustBeSet 0, cluster 0 0 0, nonPortable 0, policy 0
cuFuncGetAttribute, __launch_bounds__(128): CUDA_SUCCESS -- maxThreads 128, static 0, const 432, ptx 86, binary 86, cacheCA 0, maxDynamic 49152, carveout -1, clusterMustBeSet 0, cluster 0 0 0, nonPortable 0, policy 0
cuFuncGetAttribute, __launch_bounds__(512, 2): CUDA_SUCCESS -- maxThreads 512, static 0, const 432, ptx 86, binary 86, cacheCA 0, maxDynamic 49152, carveout -1, clusterMustBeSet 0, cluster 0 0 0, nonPortable 0, policy 0
cuFuncGetAttribute, registers limit the block: CUDA_SUCCESS -- maxThreads 256, static 0, const 432, ptx 86, binary 86, cacheCA 0, maxDynamic 49152, carveout -1, clusterMustBeSet 0, cluster 0 0 0, nonPortable 0, policy 0
cuFuncGetAttribute, module constants: CUDA_SUCCESS -- maxThreads 1024, static 0, const 432, ptx 86, binary 86, cacheCA 0, maxDynamic 49152, carveout -1, clusterMustBeSet 0, cluster 0 0 0, nonPortable 0, policy 0
cuFuncGetAttribute attribute 16: CUDA_ERROR_INVALID_VALUE -- v=-5
cuFuncGetAttribute attribute -1: CUDA_ERROR_INVALID_VALUE -- v=-5
cuFuncGetAttribute attribute 99: CUDA_ERROR_INVALID_VALUE -- v=-5
cuFuncGetAttribute null function: CUDA_ERROR_INVALID_VALUE
cuFuncGetAttribute null result: CUDA_ERROR_INVALID_VALUE
cuFuncSetAttribute null function: CUDA_ERROR_INVALID_HANDLE
cuFuncSetAttribute attribute 0 to 1: CUDA_ERROR_INVALID_VALUE -- maxThreads 128, static 0, const 432, ptx 86, binary 86, cacheCA 0, maxDynamic 49152, carveout -1, clusterMustBeSet 0, cluster 0 0 0, nonPortable 0, policy 0
cuFuncSetAttribute attribute 1 to 1: CUDA_ERROR_INVALID_VALUE -- maxThreads 128, static 0, const 432, ptx 86, binary 86, cacheCA 0, maxDynamic 49152, carveout -1, clusterMustBeSet 0, cluster 0 0 0, nonPortable 0, policy 0
cuFuncSetAttribute attribute 2 to 1: CUDA_ERROR_INVALID_VALUE -- maxThreads 128, static 0, const 432, ptx 86, binary 86, cacheCA 0, maxDynamic 49152, carveout -1, clusterMustBeSet 0, cluster 0 0 0, nonPortable 0, policy 0
cuFuncSetAttribute attribute 3 to 1: CUDA_ERROR_INVALID_VALUE -- maxThreads 128, static 0, const 432, ptx 86, binary 86, cacheCA 0, maxDynamic 49152, carveout -1, clusterMustBeSet 0, cluster 0 0 0, nonPortable 0, policy 0
cuFuncSetAttribute attribute 4 to 1: CUDA_ERROR_INVALID_VALUE -- maxThreads 128, static 0, const 432, ptx 86, binary 86, cacheCA 0, maxDynamic 49152, carveout -1, clusterMustBeSet 0, cluster 0 0 0, nonPortable 0, policy 0
cuFuncSetAttribute attribute 5 to 1: CUDA_ERROR_INVALID_VALUE -- maxThreads 128, static 0, const 432, ptx 86, binary 86, cacheCA 0, maxDynamic 49152, carveout -1, clusterMustBeSet 0, cluster 0 0 0, nonPortable 0, policy 0
cuFuncSetAttribute attribute 6 to 1: CUDA_ERROR_INVALID_VALUE -- maxThreads 128, static 0, const 432, ptx 86, binary 86, cacheCA 0, maxDynamic 49152, carveout -1, clusterMustBeSet 0, cluster 0 0 0, nonPortable 0, policy 0
cuFuncSetAttribute attribute 7 to 1: CUDA_ERROR_INVALID_VALUE -- maxThreads 128, static 0, const 432, ptx 86, binary 86, cacheCA 0, maxDynamic 49152, carveout -1, clusterMustBeSet 0, cluster 0 0 0, nonPortable 0, policy 0
cuFuncSetAttribute attribute 8 to 1: CUDA_SUCCESS -- maxThreads 128, static 0, const 432, ptx 86, binary 86, cacheCA 0, maxDynamic 1, carveout -1, clusterMustBeSet 0, cluster 0 0 0, nonPortable 0, policy 0
cuFuncSetAttribute attribute 9 to 1: CUDA_SUCCESS -- maxThreads 128, static 0, const 432, ptx 86, binary 86, cacheCA 0, maxDynamic 49152, carveout 1, clusterMustBeSet 0, cluster 0 0 0, nonPortable 0, policy 0
cuFuncSetAttribute attribute 10 to 1: CUDA_ERROR_INVALID_VALUE -- maxThreads 128, static 0, const 432, ptx 86, binary 86, cacheCA 0, maxDynamic 49152, carveout -1, clusterMustBeSet 0, cluster 0 0 0, nonPortable 0, policy 0
cuFuncSetAttribute attribute 11 to 1: CUDA_SUCCESS -- maxThreads 128, static 0, const 432, ptx 86, binary 86, cacheCA 0, maxDynamic 49152, carveout -1, clusterMustBeSet 0, cluster 1 0 0, nonPortable 0, policy 0
cuFuncSetAttribute attribute 12 to 1: CUDA_SUCCESS -- maxThreads 128, static 0, const 432, ptx 86, binary 86, cacheCA 0, maxDynamic 49152, carveout -1, clusterMustBeSet 0, cluster 0 1 0, nonPortable 0, policy 0
cuFuncSetAttribute attribute 13 to 1: CUDA_SUCCESS -- maxThreads 128, static 0, const 432, ptx 86, binary 86, cacheCA 0, maxDynamic 49152, carveout -1, clusterMustBeSet 0, cluster 0 0 1, nonPortable 0, policy 0
cuFuncSetAttribute attribute 14 to 1: CUDA_SUCCESS -- maxThreads 128, static 0, const 432, ptx 86, binary 86, cacheCA 0, maxDynamic 49152, carveout -1, clusterMustBeSet 0, cluster 0 0 0, nonPortable 1, policy 0
cuFuncSetAttribute attribute 15 to 1: CUDA_SUCCESS -- maxThreads 128, static 0, const 432, ptx 86, binary 86, cacheCA 0, maxDynamic 49152, carveout -1, clusterMustBeSet 0, cluster 0 0 0, nonPortable 0, policy 1
cuFuncSetAttribute attribute 16 to 1: CUDA_ERROR_INVALID_VALUE -- maxThreads 128, static 0, const 432, ptx 86, binary 86, cacheCA 0, maxDynamic 49152, carveout -1, clusterMustBeSet 0, cluster 0 0 0, nonPortable 0, policy 0
cuFuncSetAttribute attribute 17 to 1: CUDA_ERROR_INVALID_VALUE -- maxThreads 128, static 0, const 432, ptx 86, binary 86, cacheCA 0, maxDynamic 49152, carveout -1, clusterMustBeSet 0, cluster 0 0 0, nonPortable 0, policy 0
cuFuncSetAttribute MAX_DYNAMIC_SHARED_SIZE_BYTES -1, no static: CUDA_ERROR_INVALID_VALUE -- now 49152
cuFuncSetAttribute MAX_DYNAMIC_SHARED_SIZE_BYTES 0, no static: CUDA_SUCCESS -- now 0
cuFuncSetAttribute MAX_DYNAMIC_SHARED_SIZE_BYTES 1, no static: CUDA_SUCCESS -- now 1
cuFuncSetAttribute MAX_DYNAMIC_SHARED_SIZE_BYTES 1024, no static: CUDA_SUCCESS -- now 1024
cuFuncSetAttribute MAX_DYNAMIC_SHARED_SIZE_BYTES 49152, no static: CUDA_SUCCESS -- now 49152
cuFuncSetAttribute MAX_DYNAMIC_SHARED_SIZE_BYTES 49153, no static: CUDA_SUCCESS -- now 49153
cuFuncSetAttribute MAX_DYNAMIC_SHARED_SIZE_BYTES 65536, no static: CUDA_SUCCESS -- now 65536
cuFuncSetAttribute MAX_DYNAMIC_SHARED_SIZE_BYTES 101376, no static: CUDA_SUCCESS -- now 101376
cuFuncSetAttribute MAX_DYNAMIC_SHARED_SIZE_BYTES 101377, no static: CUDA_ERROR_INVALID_VALUE -- now 49152
cuFuncSetAttribute MAX_DYNAMIC_SHARED_SIZE_BYTES 102400, no static: CUDA_ERROR_INVALID_VALUE -- now 49152
cuFuncSetAttribute MAX_DYNAMIC_SHARED_SIZE_BYTES 101120, 256 static: CUDA_SUCCESS -- now 101120
cuFuncSetAttribute MAX_DYNAMIC_SHARED_SIZE_BYTES 101121, 256 static: CUDA_ERROR_INVALID_VALUE -- now 48896
cuFuncSetAttribute MAX_DYNAMIC_SHARED_SIZE_BYTES 61376, 40000 static: CUDA_SUCCESS -- now 61376
cuFuncSetAttribute MAX_DYNAMIC_SHARED_SIZE_BYTES 61377, 40000 static: CUDA_ERROR_INVALID_VALUE -- now 9152
cuFuncSetAttribute MAX_DYNAMIC_SHARED_SIZE_BYTES 52225, 48 KiB static: CUDA_ERROR_INVALID_VALUE -- now 0
cuFuncSetAttribute PREFERRED_SHARED_MEMORY_CARVEOUT -2: CUDA_ERROR_INVALID_VALUE -- now -1
cuFuncSetAttribute PREFERRED_SHARED_MEMORY_CARVEOUT -1: CUDA_SUCCESS -- now -1
cuFuncSetAttribute PREFERRED_SHARED_MEMORY_CARVEOUT 0: CUDA_SUCCESS -- now 0
cuFuncSetAttribute PREFERRED_SHARED_MEMORY_CARVEOUT 1: CUDA_SUCCESS -- now 1
cuFuncSetAttribute PREFERRED_SHARED_MEMORY_CARVEOUT 100: CUDA_SUCCESS -- now 100
cuFuncSetAttribute PREFERRED_SHARED_MEMORY_CARVEOUT 101: CUDA_ERROR_INVALID_VALUE -- now -1
cuFuncSetAttribute required cluster dimensions: CUDA_SUCCESS -- maxThreads 128, static 0, const 432, ptx 86, binary 86, cacheCA 0, maxDynamic 49152, carveout -1, clusterMustBeSet 0, cluster 3 2 5, nonPortable 0, policy 0
cuFuncSetAttribute required cluster width -1: CUDA_ERROR_INVALID_VALUE
cuFuncSetAttribute CLUSTER_SCHEDULING_POLICY_PREFERENCE 2: CUDA_SUCCESS -- maxThreads 128, static 0, const 432, ptx 86, binary 86, cacheCA 0, maxDynamic 49152, carveout -1, clusterMustBeSet 0, cluster 0 0 0, nonPortable 0, policy 2
cuFuncSetAttribute CLUSTER_SCHEDULING_POLICY_PREFERENCE 3: CUDA_ERROR_INVALID_VALUE
cuFuncSetAttribute NON_PORTABLE_CLUSTER_SIZE_ALLOWED 7: CUDA_SUCCESS -- maxThreads 128, static 0, const 432, ptx 86, binary 86, cacheCA 0, maxDynamic 49152, carveout -1, clusterMustBeSet 0, cluster 0 0 0, nonPortable 1, policy 0
cuFuncSetAttribute NON_PORTABLE_CLUSTER_SIZE_ALLOWED -1: CUDA_SUCCESS -- maxThreads 128, static 0, const 432, ptx 86, binary 86, cacheCA 0, maxDynamic 49152, carveout -1, clusterMustBeSet 0, cluster 0 0 0, nonPortable 1, policy 0
cuFuncSetAttribute on one function, the other function of the module: CUDA_SUCCESS -- other 49152, same function again 49152
cuFuncSetAttribute in the context of device 0, the module of device 1: CUDA_SUCCESS -- device 0 70000, device 1 49152
cuFuncSetAttribute, MAX_DYNAMIC_SHARED_SIZE_BYTES a CUkernel as the function: CUDA_ERROR_INVALID_HANDLE -- kernel now 49152
cuFuncGetAttribute, a CUkernel as the function: CUDA_ERROR_INVALID_HANDLE -- v=-5
cuKernelGetAttribute, 256 bytes static: CUDA_SUCCESS -- maxThreads 1024, static 256, const 432, ptx 86, binary 86, maxDynamic 48896, carveout -1
cuKernelGetAttribute attribute 16: CUDA_ERROR_INVALID_VALUE
cuKernelGetAttribute null result: CUDA_ERROR_INVALID_VALUE
cuKernelGetAttribute null kernel: CUDA_ERROR_INVALID_HANDLE
cuKernelGetAttribute device 5: CUDA_ERROR_INVALID_DEVICE
cuKernelSetAttribute device 5: CUDA_ERROR_INVALID_DEVICE
cuKernelSetAttribute null kernel: CUDA_ERROR_INVALID_HANDLE
cuKernelSetAttribute MAX_DYNAMIC_SHARED_SIZE_BYTES 70000, then the function: CUDA_SUCCESS -- kernel 70000, function 70000
cuKernelSetAttribute MAX_DYNAMIC_SHARED_SIZE_BYTES 101121, 256 static: CUDA_ERROR_INVALID_VALUE -- now 48896
cuKernelSetAttribute attribute 1: CUDA_ERROR_INVALID_VALUE
cuKernelSetAttribute carveout 30, then the function: CUDA_SUCCESS -- function 30
cuKernelSetAttribute on device 0, read on device 1: CUDA_SUCCESS -- device 0 65000, device 1 48896
cuLaunchKernel dynamic shared memory, not opted in: CUDA_SUCCESS -- 49152 -> 0, 49153 -> 1, 65536 -> 1
cuLaunchKernel dynamic shared memory, 40000 bytes static: CUDA_SUCCESS -- 9152 -> 0, 9153 -> 1
cuLaunchKernel dynamic shared memory, 48 KiB static: CUDA_SUCCESS -- 0 -> 0, 1 -> 1
cuLaunchKernel dynamic shared memory, opted in to 60000: CUDA_SUCCESS -- 49153 -> 0, 60000 -> 0, 60001 -> 1
cuLaunchKernel dynamic shared memory, opted in to 100: CUDA_SUCCESS -- 100 -> 0, 101 -> 1, 49152 -> 1
cuLaunchKernel dynamic shared memory, a CUkernel opted in to 60000: CUDA_SUCCESS -- 60000 -> 0, 60001 -> 1
cuLaunchKernel with more threads than __launch_bounds__: CUDA_SUCCESS -- 128 -> 0, 129 -> 1, 64x2 -> 0, 64x3 -> 1
cuOccupancyMaxActiveBlocksPerMultiprocessor, dynamic shared memory past the limit: CUDA_SUCCESS -- blocks at 0, 49152, 49153, 65536, 101376: 12 2 0 0 0
cuOccupancyMaxActiveBlocksPerMultiprocessor, opted in to 60000: CUDA_SUCCESS -- blocks at 0, 49152, 49153, 65536, 101376: 12 2 2 0 0
cuFuncGetParamCount: CUDA_SUCCESS -- n=3
cuFuncGetParamCount, none: CUDA_SUCCESS -- n=0
cuFuncGetParamCount, one: CUDA_SUCCESS -- n=1
cuFuncGetParamCount null result: CUDA_ERROR_INVALID_VALUE
cuFuncGetParamCount null function: CUDA_ERROR_INVALID_VALUE -- n=99
cuFuncGetParamCount a CUkernel: CUDA_ERROR_INVALID_HANDLE -- n=99
cuKernelGetParamCount: CUDA_SUCCESS -- n=3
cuKernelGetParamCount, none: CUDA_SUCCESS -- n=0
cuKernelGetParamCount null result: CUDA_ERROR_INVALID_VALUE
cuKernelGetParamCount null kernel: CUDA_ERROR_INVALID_VALUE
cuKernelGetParamCount a CUfunction: CUDA_ERROR_INVALID_HANDLE -- n=99
cuLaunchHostFunc_v2 blocking: CUDA_SUCCESS -- ran 1
cuLaunchHostFunc_v2 spin wait: CUDA_SUCCESS -- ran 1
cuLaunchHostFunc_v2 mode 2: CUDA_ERROR_INVALID_VALUE -- ran 0
cuLaunchHostFunc_v2 mode 77: CUDA_ERROR_INVALID_VALUE -- ran 0
cuLaunchHostFunc_v2 null function: CUDA_SUCCESS
cuLaunchHostFunc_v2 legacy stream: CUDA_SUCCESS -- ran 1
cuMemcpyWithAttributesAsync: CUDA_SUCCESS -- copied right 1
cuMemcpyWithAttributesAsync, pageable source: CUDA_SUCCESS -- copied right 1
cuMemcpyWithAttributesAsync null attributes: CUDA_ERROR_INVALID_VALUE
cuMemcpyWithAttributesAsync size 0: CUDA_ERROR_INVALID_VALUE
cuMemcpyWithAttributesAsync invalid access order: CUDA_ERROR_INVALID_VALUE
cuMemcpyWithAttributesAsync access order 9: CUDA_ERROR_INVALID_VALUE
cuMemcpyWithAttributesAsync flags 0x80: CUDA_ERROR_INVALID_VALUE
cuMemcpyWithAttributesAsync legacy stream: CUDA_ERROR_INVALID_VALUE
cuMemcpy3DWithAttributesAsync: CUDA_SUCCESS -- copied right 1
cuMemcpy3DWithAttributesAsync null: CUDA_ERROR_INVALID_VALUE
cuMemcpy3DWithAttributesAsync flags 1: CUDA_ERROR_INVALID_VALUE
cuMemcpy3DWithAttributesAsync zero extent: CUDA_ERROR_INVALID_VALUE
cuMemcpy3DWithAttributesAsync legacy stream: CUDA_ERROR_INVALID_VALUE
cuGraphGetId: CUDA_SUCCESS -- second graph's id is the first's plus 1, same again 1
cuGraphGetId null result: CUDA_ERROR_INVALID_VALUE
cuGraphGetId null graph: CUDA_ERROR_INVALID_VALUE
cuGraphExecGetId: CUDA_SUCCESS -- two execs differ 1, exec id is graph id 0, exec ids run on by 2
cuGraphExecGetId null result: CUDA_ERROR_INVALID_VALUE
cuGraphExecGetId null exec: CUDA_ERROR_INVALID_VALUE
cuGraphNodeGetLocalId: CUDA_SUCCESS -- ids 0 1 2
cuGraphNodeGetLocalId, nodes of two graphs: CUDA_SUCCESS -- ids 0 1 0
cuGraphNodeGetLocalId null result: CUDA_ERROR_INVALID_VALUE
cuGraphNodeGetLocalId null node: CUDA_ERROR_INVALID_VALUE
cuGraphNodeGetToolsId: CUDA_SUCCESS -- differ 1, graph id in the high half 1, node index in the low half 0 1
cuGraphNodeGetToolsId null result: CUDA_ERROR_INVALID_VALUE
cuGraphNodeGetToolsId null node: CUDA_ERROR_INVALID_VALUE
cuGraphNodeGetContainingGraph: CUDA_SUCCESS -- is the graph 1
cuGraphNodeGetContainingGraph, node of a child graph: CUDA_SUCCESS -- child's node in the child 1, in the parent 0; the child graph node in the parent 1
cuGraphNodeGetContainingGraph null result: CUDA_ERROR_INVALID_VALUE
cuGraphNodeGetContainingGraph null node: CUDA_ERROR_INVALID_VALUE
cuGraphNodeGetParams, a memset node: CUDA_SUCCESS -- type 2, dst right 1, value 7, width 256, element 1
cuGraphNodeGetParams, a kernel node: CUDA_SUCCESS -- type 0, grid 2, block 32, shared 0, function stored 1
cuGraphNodeGetParams, an empty node: CUDA_SUCCESS -- type 5
cuGraphNodeGetParams, a child graph node: CUDA_SUCCESS -- type 4, graph is a clone 1
cuGraphNodeGetParams, a host node: CUDA_SUCCESS -- type 3, user data right 1
cuGraphNodeGetParams null node: CUDA_ERROR_INVALID_VALUE
cuGraphNodeGetParams null result: CUDA_ERROR_INVALID_VALUE
cuCoredumpRegisterStartCallback: CUDA_SUCCESS -- handle set 1
cuCoredumpRegisterCompleteCallback: CUDA_SUCCESS -- handle set 1
cuCoredumpRegisterStartCallback null callback: CUDA_ERROR_INVALID_VALUE -- handle set 0
cuCoredumpRegisterStartCallback null handle: CUDA_SUCCESS
cuCoredumpRegisterCompleteCallback null callback: CUDA_ERROR_INVALID_VALUE
cuCoredumpRegisterCompleteCallback null handle: CUDA_SUCCESS
cuCoredumpDeregisterStartCallback: CUDA_SUCCESS
cuCoredumpDeregisterCompleteCallback: CUDA_SUCCESS
cuCoredumpDeregisterStartCallback null: CUDA_ERROR_INVALID_VALUE
cuCoredumpDeregisterCompleteCallback null: CUDA_ERROR_INVALID_VALUE
cuMulticastBindMem_v2: CUDA_ERROR_NOT_SUPPORTED
cuMulticastBindAddr_v2: CUDA_ERROR_NOT_SUPPORTED
cuStreamBeginCaptureToCig null parameters: CUDA_ERROR_INVALID_VALUE
cuStreamBeginCaptureToCig: CUDA_ERROR_INVALID_CONTEXT
cuStreamEndCaptureToCig: CUDA_ERROR_INVALID_VALUE
PASS: 421 cases
