/* The symbol versions libamdhip64 defines, as ROCm 7.1's own library defines them.
 *
 * A program built by hipcc binds each HIP call to a version as well as a name --
 * hipMalloc@hip_4.2, hipGetDevicePropertiesR0600@hip_6.0 -- and the loader refuses
 * a library that defines the name under any other. So each function here sits in
 * the version the real library gives it. The whole chain of versions is declared
 * even where no function here belongs to one, so a program asking for any of them
 * finds it. Everything that is not HIP's own API stays local to the library.
 *
 * Regenerate with amd/tools/hip-version-script.py when a function is added. */

hip_4.2 {
  global:
    __hipPopCallConfiguration;
    __hipPushCallConfiguration;
    __hipRegisterFatBinary;
    __hipRegisterFunction;
    __hipRegisterSurface;
    __hipRegisterTexture;
    __hipRegisterVar;
    __hipUnregisterFatBinary;
    hipArray3DCreate;
    hipArrayCreate;
    hipBindTexture;
    hipBindTexture2D;
    hipBindTextureToArray;
    hipBindTextureToMipmappedArray;
    hipCreateChannelDesc;
    hipCreateSurfaceObject;
    hipCreateTextureObject;
    hipCtxGetCurrent;
    hipDestroySurfaceObject;
    hipDestroyTextureObject;
    hipDeviceCanAccessPeer;
    hipDeviceDisablePeerAccess;
    hipDeviceEnablePeerAccess;
    hipDeviceGet;
    hipDeviceGetAttribute;
    hipDeviceGetByPCIBusId;
    hipDeviceGetLimit;
    hipDeviceGetName;
    hipDeviceGetPCIBusId;
    hipDeviceGetStreamPriorityRange;
    hipDeviceGetTexture1DLinearMaxWidth;
    hipDevicePrimaryCtxGetState;
    hipDeviceReset;
    hipDeviceSetCacheConfig;
    hipDeviceSynchronize;
    hipDeviceTotalMem;
    hipDriverGetVersion;
    hipEventCreate;
    hipEventCreateWithFlags;
    hipEventDestroy;
    hipEventElapsedTime;
    hipEventQuery;
    hipEventRecord;
    hipEventSynchronize;
    hipExtLaunchKernel;
    hipExtMallocWithFlags;
    hipExtModuleLaunchKernel;
    hipExtStreamCreateWithCUMask;
    hipExtStreamGetCUMask;
    hipFree;
    hipFreeArray;
    hipFreeMipmappedArray;
    hipFuncGetAttributes;
    hipFuncSetAttribute;
    hipGetChannelDesc;
    hipGetDevice;
    hipGetDeviceCount;
    hipGetDeviceProperties;
    hipGetDevicePropertiesR0000;
    hipGetErrorName;
    hipGetErrorString;
    hipGetLastError;
    hipGetMipmappedArrayLevel;
    hipGetStreamDeviceId;
    hipGetSymbolAddress;
    hipGetSymbolSize;
    hipGetTextureAlignmentOffset;
    hipGetTextureObjectResourceDesc;
    hipGetTextureObjectResourceViewDesc;
    hipGetTextureObjectTextureDesc;
    hipGetTextureReference;
    hipHostFree;
    hipHostGetDevicePointer;
    hipHostMalloc;
    hipHostRegister;
    hipHostUnregister;
    hipInit;
    hipIpcCloseMemHandle;
    hipIpcGetEventHandle;
    hipIpcGetMemHandle;
    hipIpcOpenEventHandle;
    hipIpcOpenMemHandle;
    hipKernelNameRef;
    hipKernelNameRefByPtr;
    hipLaunchCooperativeKernel;
    hipLaunchKernel;
    hipMalloc;
    hipMalloc3DArray;
    hipMallocArray;
    hipMallocManaged;
    hipMallocMipmappedArray;
    hipMemGetAddressRange;
    hipMemGetInfo;
    hipMemPtrGetInfo;
    hipMemcpy;
    hipMemcpy2D;
    hipMemcpy2DAsync;
    hipMemcpy2DFromArray;
    hipMemcpy2DFromArrayAsync;
    hipMemcpy2DToArray;
    hipMemcpyAsync;
    hipMemcpyFromArray;
    hipMemcpyFromSymbol;
    hipMemcpyFromSymbolAsync;
    hipMemcpyPeerAsync;
    hipMemcpyToArray;
    hipMemcpyToSymbol;
    hipMemcpyToSymbolAsync;
    hipMemcpyWithStream;
    hipMemset;
    hipMemsetAsync;
    hipMemsetD32Async;
    hipMipmappedArrayCreate;
    hipMipmappedArrayDestroy;
    hipMipmappedArrayGetLevel;
    hipModuleGetFunction;
    hipModuleGetGlobal;
    hipModuleGetTexRef;
    hipModuleLaunchKernel;
    hipModuleLoad;
    hipModuleLoadData;
    hipModuleLoadDataEx;
    hipModuleOccupancyMaxActiveBlocksPerMultiprocessor;
    hipModuleOccupancyMaxPotentialBlockSize;
    hipModuleUnload;
    hipOccupancyMaxActiveBlocksPerMultiprocessor;
    hipOccupancyMaxActiveBlocksPerMultiprocessorWithFlags;
    hipOccupancyMaxPotentialBlockSize;
    hipPeekAtLastError;
    hipPointerGetAttributes;
    hipRuntimeGetVersion;
    hipSetDevice;
    hipSetDeviceFlags;
    hipStreamCreate;
    hipStreamCreateWithFlags;
    hipStreamCreateWithPriority;
    hipStreamDestroy;
    hipStreamGetDevice;
    hipStreamGetFlags;
    hipStreamGetPriority;
    hipStreamQuery;
    hipStreamSynchronize;
    hipStreamWaitEvent;
    hipTexObjectCreate;
    hipTexObjectDestroy;
    hipTexObjectGetResourceDesc;
    hipTexObjectGetResourceViewDesc;
    hipTexObjectGetTextureDesc;
    hipTexRefGetAddress;
    hipTexRefGetAddressMode;
    hipTexRefGetArray;
    hipTexRefGetBorderColor;
    hipTexRefGetFilterMode;
    hipTexRefGetFlags;
    hipTexRefGetFormat;
    hipTexRefGetMaxAnisotropy;
    hipTexRefGetMipMappedArray;
    hipTexRefGetMipmapFilterMode;
    hipTexRefGetMipmapLevelBias;
    hipTexRefGetMipmapLevelClamp;
    hipTexRefSetAddress;
    hipTexRefSetAddress2D;
    hipTexRefSetAddressMode;
    hipTexRefSetArray;
    hipTexRefSetBorderColor;
    hipTexRefSetFilterMode;
    hipTexRefSetFlags;
    hipTexRefSetFormat;
    hipTexRefSetMaxAnisotropy;
    hipTexRefSetMipmapFilterMode;
    hipTexRefSetMipmapLevelBias;
    hipTexRefSetMipmapLevelClamp;
    hipTexRefSetMipmappedArray;
    hipUnbindTexture;
  local: *;
};
hip_4.3 {
  global:
    hipArrayDestroy;
    hipGraphDestroy;
    hipGraphExecDestroy;
    hipGraphInstantiate;
    hipGraphLaunch;
    hipImportExternalMemory;
    hipImportExternalSemaphore;
    hipMemcpy2DToArrayAsync;
    hipStreamBeginCapture;
    hipStreamEndCapture;
    hipStreamIsCapturing;
    hipWaitExternalSemaphoresAsync;
} hip_4.2;
hip_4.4 {
  global:
    hipGraphAddDependencies;
    hipGraphGetNodes;
    hipStreamWriteValue32;
} hip_4.3;
hip_4.5 {
  global:
    hipGraphAddEventRecordNode;
    hipGraphAddHostNode;
    hipGraphInstantiateWithFlags;
    hipGraphNodeGetDependencies;
    hipGraphicsSubResourceGetMappedArray;
    hipStreamGetCaptureInfo;
    hipStreamGetCaptureInfo_v2;
    hipStreamUpdateCaptureDependencies;
} hip_4.4;
hip_5.0 {
  global:
    hipPointerGetAttribute;
    hipThreadExchangeStreamCaptureMode;
} hip_4.5;
hip_5.1 {
  global:
    hipDeviceGetDefaultMemPool;
    hipFreeAsync;
    hipMallocAsync;
    hipMallocFromPoolAsync;
    hipMemAddressFree;
    hipMemAddressReserve;
    hipMemCreate;
    hipMemExportToShareableHandle;
    hipMemGetAllocationGranularity;
    hipMemImportFromShareableHandle;
    hipMemMap;
    hipMemMapArrayAsync;
    hipMemPoolCreate;
    hipMemPoolDestroy;
    hipMemPoolGetAttribute;
    hipMemPoolSetAccess;
    hipMemPoolSetAttribute;
    hipMemPoolTrimTo;
    hipMemRelease;
    hipMemSetAccess;
    hipMemUnmap;
} hip_5.0;
hip_5.2 {
  global:
    hipMemcpy2DFromArray_spt;
    hipMemcpy2DToArray_spt;
} hip_5.1;
hip_5.3 {
  global:
    hipDeviceSetLimit;
    hipDrvGetErrorString;
    hipGraphDebugDotPrint;
    hipGraphRetainUserObject;
    hipLaunchHostFunc;
    hipMemcpy2DFromArrayAsync_spt;
    hipMemcpy2DToArrayAsync_spt;
    hipMemcpyFromArray_spt;
    hipUserObjectCreate;
} hip_5.2;
hip_5.5 {
  global:
    hipModuleLaunchCooperativeKernel;
} hip_5.3;
hip_5.6 {
  global:
    hipArray3DGetDescriptor;
    hipArrayGetDescriptor;
    hipArrayGetInfo;
} hip_5.5;
hip_6.0 {
  global:
    hipExtGetLastError;
    hipGetDevicePropertiesR0600;
} hip_5.6;
hip_6.1 {
} hip_6.0;
hip_6.2 {
  global:
    hipMemcpy2DArrayToArray;
} hip_6.1;
hip_6.4 {
} hip_6.2;
hip_6.5 {
} hip_6.4;
ROCR_1 {
  global:
    hsa_*;
};
VGPU_PRIVATE {
  global:
    vgpu_hip_profiler_attach;
    vgpu_hip_profiler_device;
};
